// Jest Snapshot v1, https://goo.gl/fbAQLP

exports[`Prueba en <SearchPage/> debe de mostrarse correctamente con valores por defecto 1`] = `
<div>
  <h1
    class="text-3xl font-bold text-indigo-600"
  >
    Results
  </h1>
  <div
    class="mt-5 bg-blue-100 p-5 rounded-lg text-blue-600 border border-blue-300/40 flex items-center gap-3 "
    data-testid="search-info"
  >
    <svg
      class="w-6 h-6"
      fill="none"
      stroke="currentColor"
      stroke-width="1.5"
      viewBox="0 0 24 24"
      xmlns="http://www.w3.org/2000/svg"
    >
      <path
        d="m21 21-5.197-5.197m0 0A7.5 7.5 0 1 0 5.196 5.196a7.5 7.5 0 0 0 10.607 10.607Z"
        stroke-linecap="round"
        stroke-linejoin="round"
      />
    </svg>
    <p
      class="font-light"
    >
      Search a hero
    </p>
  </div>
  <div
    class="flex gap-4 flex-wrap"
  />
</div>
`;
